error: this closure returns the unit type which also implements Ord
  --> $DIR/unintentional_unit_return.rs:18:25
   |
LL |     structs.sort_by_key(|s| {
   |                         ^^^
   |
   = note: `-D clippy::unintentional-unit-return` implied by `-D warnings`
help: probably caused by this trailing semicolon
  --> $DIR/unintentional_unit_return.rs:19:24
   |
LL |         double(s.field);
   |                        ^

error: this closure returns the unit type which also implements PartialOrd
  --> $DIR/unintentional_unit_return.rs:22:30
   |
LL |     structs.is_sorted_by_key(|s| {
   |                              ^^^
   |
help: probably caused by this trailing semicolon
  --> $DIR/unintentional_unit_return.rs:23:24
   |
LL |         double(s.field);
   |                        ^

error: this closure returns the unit type which also implements PartialOrd
  --> $DIR/unintentional_unit_return.rs:25:30
   |
LL |     structs.is_sorted_by_key(|s| {
   |                              ^^^

error: this closure returns the unit type which also implements Ord
  --> $DIR/unintentional_unit_return.rs:35:25
   |
LL |     structs.sort_by_key(|s| unit(s.field));
   |                         ^^^

error: aborting due to 4 previous errors

